Command line invocation:
    /Applications/Xcode.app/Contents/Developer/usr/bin/xcodebuild -project "jeu tycoon.xcodeproj" -scheme "jeu tycoon" -destination "platform=iOS Simulator,name=iPhone 17" build

2026-06-17 11:47:22.899 xcodebuild[42796:1623804] [MT] IDERunDestination: Supported platforms for the buildables in the current scheme is empty.
ComputePackagePrebuildTargetDependencyGraph

Prepare packages

CreateBuildRequest

SendProjectDescription

CreateBuildOperation

ComputeTargetDependencyGraph
note: Building targets in dependency order
note: Target dependency graph (1 target)
    Target 'jeu tycoon' in project 'jeu tycoon' (no dependencies)

GatherProvisioningInputs

CreateBuildDescription

ExecuteExternalTool /Applications/Xcode.app/Contents/Developer/Toolchains/XcodeDefault.xctoolchain/usr/bin/clang -v -E -dM -isysroot /Applications/Xcode.app/Contents/Developer/Platforms/iPhoneSimulator.platform/Developer/SDKs/iPhoneSimulator26.5.sdk -x c -c /dev/null

ExecuteExternalTool /Applications/Xcode.app/Contents/Developer/usr/bin/actool --print-asset-tag-combinations --output-format xml1 /Users/dorian/Downloads/jeu tycoon /jeu tycoon/jeu tycoon/Assets.xcassets

ExecuteExternalTool /Applications/Xcode.app/Contents/Developer/usr/bin/actool --version --output-format xml1

ExecuteExternalTool /Applications/Xcode.app/Contents/Developer/Toolchains/XcodeDefault.xctoolchain/usr/bin/swiftc --version

ExecuteExternalTool /Applications/Xcode.app/Contents/Developer/Toolchains/XcodeDefault.xctoolchain/usr/bin/ld -version_details

Build description signature: 023f572e50445b17ba7504f65bfb74a8
Build description path: /Users/dorian/Library/Developer/Xcode/DerivedData/jeu_tycoon-equvrssihtnefngsfqkjpisfectm/Build/Intermediates.noindex/XCBuildData/023f572e50445b17ba7504f65bfb74a8.xcbuilddata
ClangStatCache /Applications/Xcode.app/Contents/Developer/Toolchains/XcodeDefault.xctoolchain/usr/bin/clang-stat-cache /Applications/Xcode.app/Contents/Developer/Platforms/iPhoneSimulator.platform/Developer/SDKs/iPhoneSimulator26.5.sdk /Users/dorian/Library/Developer/Xcode/DerivedData/SDKStatCaches.noindex/iphonesimulator26.5-23F73-6cfe768891a92b912361537c460fe42b.sdkstatcache
    cd /Users/dorian/Downloads/jeu\ tycoon\ /jeu\ tycoon/jeu\ tycoon.xcodeproj
    /Applications/Xcode.app/Contents/Developer/Toolchains/XcodeDefault.xctoolchain/usr/bin/clang-stat-cache /Applications/Xcode.app/Contents/Developer/Platforms/iPhoneSimulator.platform/Developer/SDKs/iPhoneSimulator26.5.sdk -o /Users/dorian/Library/Developer/Xcode/DerivedData/SDKStatCaches.noindex/iphonesimulator26.5-23F73-6cfe768891a92b912361537c460fe42b.sdkstatcache

ProcessInfoPlistFile /Users/dorian/Library/Developer/Xcode/DerivedData/jeu_tycoon-equvrssihtnefngsfqkjpisfectm/Build/Products/Debug-iphonesimulator/jeu\ tycoon.app/Info.plist /Users/dorian/Library/Developer/Xcode/DerivedData/jeu_tycoon-equvrssihtnefngsfqkjpisfectm/Build/Intermediates.noindex/jeu\ tycoon.build/Debug-iphonesimulator/jeu\ tycoon.build/empty-jeu\ tycoon.plist (in target 'jeu tycoon' from project 'jeu tycoon')
    cd /Users/dorian/Downloads/jeu\ tycoon\ /jeu\ tycoon
    builtin-infoPlistUtility /Users/dorian/Library/Developer/Xcode/DerivedData/jeu_tycoon-equvrssihtnefngsfqkjpisfectm/Build/Intermediates.noindex/jeu\ tycoon.build/Debug-iphonesimulator/jeu\ tycoon.build/empty-jeu\ tycoon.plist -producttype com.apple.product-type.application -genpkginfo /Users/dorian/Library/Developer/Xcode/DerivedData/jeu_tycoon-equvrssihtnefngsfqkjpisfectm/Build/Products/Debug-iphonesimulator/jeu\ tycoon.app/PkgInfo -expandbuildsettings -format binary -platform iphonesimulator -additionalcontentfile /Users/dorian/Library/Developer/Xcode/DerivedData/jeu_tycoon-equvrssihtnefngsfqkjpisfectm/Build/Intermediates.noindex/jeu\ tycoon.build/Debug-iphonesimulator/jeu\ tycoon.build/assetcatalog_generated_info.plist -o /Users/dorian/Library/Developer/Xcode/DerivedData/jeu_tycoon-equvrssihtnefngsfqkjpisfectm/Build/Products/Debug-iphonesimulator/jeu\ tycoon.app/Info.plist

SwiftDriver jeu\ tycoon normal arm64 com.apple.xcode.tools.swift.compiler (in target 'jeu tycoon' from project 'jeu tycoon')
    cd /Users/dorian/Downloads/jeu\ tycoon\ /jeu\ tycoon
    builtin-SwiftDriver -- /Applications/Xcode.app/Contents/Developer/Toolchains/XcodeDefault.xctoolchain/usr/bin/swiftc -module-name jeu_tycoon -Onone @/Users/dorian/Library/Developer/Xcode/DerivedData/jeu_tycoon-equvrssihtnefngsfqkjpisfectm/Build/Intermediates.noindex/jeu\ tycoon.build/Debug-iphonesimulator/jeu\ tycoon.build/Objects-normal/arm64/jeu\ tycoon.SwiftFileList -DDEBUG -default-isolation\=MainActor -enable-bare-slash-regex -enable-upcoming-feature DisableOutwardActorInference -enable-upcoming-feature InferSendableFromCaptures -enable-upcoming-feature GlobalActorIsolatedTypesUsability -enable-upcoming-feature MemberImportVisibility -enable-upcoming-feature InferIsolatedConformances -enable-upcoming-feature NonisolatedNonsendingByDefault -enable-experimental-feature DebugDescriptionMacro -sdk /Applications/Xcode.app/Contents/Developer/Platforms/iPhoneSimulator.platform/Developer/SDKs/iPhoneSimulator26.5.sdk -target arm64-apple-ios26.5-simulator -g -module-cache-path /Users/dorian/Library/Developer/Xcode/DerivedData/ModuleCache.noindex -Xfrontend -serialize-debugging-options -enable-testing -index-store-path /Users/dorian/Library/Developer/Xcode/DerivedData/jeu_tycoon-equvrssihtnefngsfqkjpisfectm/Index.noindex/DataStore -Xcc -D_LIBCPP_HARDENING_MODE\=_LIBCPP_HARDENING_MODE_DEBUG -swift-version 5 -I /Users/dorian/Library/Developer/Xcode/DerivedData/jeu_tycoon-equvrssihtnefngsfqkjpisfectm/Build/Products/Debug-iphonesimulator -F /Users/dorian/Library/Developer/Xcode/DerivedData/jeu_tycoon-equvrssihtnefngsfqkjpisfectm/Build/Products/Debug-iphonesimulator -emit-localized-strings -emit-localized-strings-path /Users/dorian/Library/Developer/Xcode/DerivedData/jeu_tycoon-equvrssihtnefngsfqkjpisfectm/Build/Intermediates.noindex/jeu\ tycoon.build/Debug-iphonesimulator/jeu\ tycoon.build/Objects-normal/arm64 -c -j8 -enable-batch-mode -incremental -Xcc -ivfsstatcache -Xcc /Users/dorian/Library/Developer/Xcode/DerivedData/SDKStatCaches.noindex/iphonesimulator26.5-23F73-6cfe768891a92b912361537c460fe42b.sdkstatcache -output-file-map /Users/dorian/Library/Developer/Xcode/DerivedData/jeu_tycoon-equvrssihtnefngsfqkjpisfectm/Build/Intermediates.noindex/jeu\ tycoon.build/Debug-iphonesimulator/jeu\ tycoon.build/Objects-normal/arm64/jeu\ tycoon-OutputFileMap.json -use-frontend-parseable-output -save-temps -no-color-diagnostics -explicit-module-build -module-cache-path /Users/dorian/Library/Developer/Xcode/DerivedData/jeu_tycoon-equvrssihtnefngsfqkjpisfectm/Build/Intermediates.noindex/SwiftExplicitPrecompiledModules -clang-scanner-module-cache-path /Users/dorian/Library/Developer/Xcode/DerivedData/ModuleCache.noindex -sdk-module-cache-path /Users/dorian/Library/Developer/Xcode/DerivedData/ModuleCache.noindex -serialize-diagnostics -emit-dependencies -emit-module -emit-module-path /Users/dorian/Library/Developer/Xcode/DerivedData/jeu_tycoon-equvrssihtnefngsfqkjpisfectm/Build/Intermediates.noindex/jeu\ tycoon.build/Debug-iphonesimulator/jeu\ tycoon.build/Objects-normal/arm64/jeu_tycoon.swiftmodule -validate-clang-modules-once -clang-build-session-file /Users/dorian/Library/Developer/Xcode/DerivedData/ModuleCache.noindex/Session.modulevalidation -Xcc -I/Users/dorian/Library/Developer/Xcode/DerivedData/jeu_tycoon-equvrssihtnefngsfqkjpisfectm/Build/Intermediates.noindex/jeu\ tycoon.build/Debug-iphonesimulator/jeu\ tycoon.build/swift-overrides.hmap -emit-const-values -Xfrontend -const-gather-protocols-file -Xfrontend /Users/dorian/Library/Developer/Xcode/DerivedData/jeu_tycoon-equvrssihtnefngsfqkjpisfectm/Build/Intermediates.noindex/jeu\ tycoon.build/Debug-iphonesimulator/jeu\ tycoon.build/Objects-normal/arm64/jeu\ tycoon_const_extract_protocols.json -Xcc -iquote -Xcc /Users/dorian/Library/Developer/Xcode/DerivedData/jeu_tycoon-equvrssihtnefngsfqkjpisfectm/Build/Intermediates.noindex/jeu\ tycoon.build/Debug-iphonesimulator/jeu\ tycoon.build/jeu\ tycoon-generated-files.hmap -Xcc -I/Users/dorian/Library/Developer/Xcode/DerivedData/jeu_tycoon-equvrssihtnefngsfqkjpisfectm/Build/Intermediates.noindex/jeu\ tycoon.build/Debug-iphonesimulator/jeu\ tycoon.build/jeu\ tycoon-own-target-headers.hmap -Xcc -I/Users/dorian/Library/Developer/Xcode/DerivedData/jeu_tycoon-equvrssihtnefngsfqkjpisfectm/Build/Intermediates.noindex/jeu\ tycoon.build/Debug-iphonesimulator/jeu\ tycoon.build/jeu\ tycoon-all-target-headers.hmap -Xcc -iquote -Xcc /Users/dorian/Library/Developer/Xcode/DerivedData/jeu_tycoon-equvrssihtnefngsfqkjpisfectm/Build/Intermediates.noindex/jeu\ tycoon.build/Debug-iphonesimulator/jeu\ tycoon.build/jeu\ tycoon-project-headers.hmap -Xcc -I/Users/dorian/Library/Developer/Xcode/DerivedData/jeu_tycoon-equvrssihtnefngsfqkjpisfectm/Build/Products/Debug-iphonesimulator/include -Xcc -I/Users/dorian/Library/Developer/Xcode/DerivedData/jeu_tycoon-equvrssihtnefngsfqkjpisfectm/Build/Intermediates.noindex/jeu\ tycoon.build/Debug-iphonesimulator/jeu\ tycoon.build/DerivedSources-normal/arm64 -Xcc -I/Users/dorian/Library/Developer/Xcode/DerivedData/jeu_tycoon-equvrssihtnefngsfqkjpisfectm/Build/Intermediates.noindex/jeu\ tycoon.build/Debug-iphonesimulator/jeu\ tycoon.build/DerivedSources/arm64 -Xcc -I/Users/dorian/Library/Developer/Xcode/DerivedData/jeu_tycoon-equvrssihtnefngsfqkjpisfectm/Build/Intermediates.noindex/jeu\ tycoon.build/Debug-iphonesimulator/jeu\ tycoon.build/DerivedSources -Xcc -DDEBUG\=1 -emit-objc-header -emit-objc-header-path /Users/dorian/Library/Developer/Xcode/DerivedData/jeu_tycoon-equvrssihtnefngsfqkjpisfectm/Build/Intermediates.noindex/jeu\ tycoon.build/Debug-iphonesimulator/jeu\ tycoon.build/Objects-normal/arm64/jeu_tycoon-Swift.h -working-directory /Users/dorian/Downloads/jeu\ tycoon\ /jeu\ tycoon -experimental-emit-module-separately -disable-cmo
/Users/dorian/Downloads/jeu tycoon /jeu tycoon/jeu tycoon/Sources/Views/CrateAnimationView.swift:266:1: error: expected '}' in struct

^
/Users/dorian/Downloads/jeu tycoon /jeu tycoon/jeu tycoon/Sources/Views/CrateAnimationView.swift:4:33: note: to match this opening '{'
struct CrateAnimationView: View {
                                ^
/Users/dorian/Downloads/jeu tycoon /jeu tycoon/jeu tycoon/Sources/Views/CrateAnimationView.swift:266:1: error: Expected '}' in struct

^ (in target 'jeu tycoon' from project 'jeu tycoon')
/Users/dorian/Downloads/jeu tycoon /jeu tycoon/jeu tycoon/Sources/Views/CrateAnimationView.swift:4:33: note: To match this opening '{'
struct CrateAnimationView: View {
                                ^ (in target 'jeu tycoon' from project 'jeu tycoon')

** BUILD FAILED **


The following build commands failed:
	SwiftDriver jeu\ tycoon normal arm64 com.apple.xcode.tools.swift.compiler (in target 'jeu tycoon' from project 'jeu tycoon')
	Building project jeu tycoon with scheme jeu tycoon
(2 failures)
